stm32f1xx_hal_usart.c:295:19:HAL_USART_Init	16	static
stm32f1xx_hal_usart.c:354:19:HAL_USART_DeInit	16	static
stm32f1xx_hal_usart.c:397:13:HAL_USART_MspInit	16	static
stm32f1xx_hal_usart.c:412:13:HAL_USART_MspDeInit	16	static
stm32f1xx_hal_usart.c:744:19:HAL_USART_Transmit	48	static
stm32f1xx_hal_usart.c:833:19:HAL_USART_Receive	48	static
stm32f1xx_hal_usart.c:934:19:HAL_USART_TransmitReceive	56	static
stm32f1xx_hal_usart.c:1073:19:HAL_USART_Transmit_IT	24	static
stm32f1xx_hal_usart.c:1126:19:HAL_USART_Receive_IT	24	static
stm32f1xx_hal_usart.c:1176:19:HAL_USART_TransmitReceive_IT	24	static
stm32f1xx_hal_usart.c:1231:19:HAL_USART_Transmit_DMA	32	static
stm32f1xx_hal_usart.c:1298:19:HAL_USART_Receive_DMA	32	static
stm32f1xx_hal_usart.c:1393:19:HAL_USART_TransmitReceive_DMA	32	static
stm32f1xx_hal_usart.c:1480:19:HAL_USART_DMAPause	16	static
stm32f1xx_hal_usart.c:1500:19:HAL_USART_DMAResume	16	static
stm32f1xx_hal_usart.c:1520:19:HAL_USART_DMAStop	24	static
stm32f1xx_hal_usart.c:1577:19:HAL_USART_Abort	16	static
stm32f1xx_hal_usart.c:1643:19:HAL_USART_Abort_IT	24	static
stm32f1xx_hal_usart.c:1762:6:HAL_USART_IRQHandler	40	static
stm32f1xx_hal_usart.c:1924:13:HAL_USART_TxCpltCallback	16	static
stm32f1xx_hal_usart.c:1939:13:HAL_USART_TxHalfCpltCallback	16	static
stm32f1xx_hal_usart.c:1954:13:HAL_USART_RxCpltCallback	16	static
stm32f1xx_hal_usart.c:1969:13:HAL_USART_RxHalfCpltCallback	16	static
stm32f1xx_hal_usart.c:1984:13:HAL_USART_TxRxCpltCallback	16	static
stm32f1xx_hal_usart.c:1999:13:HAL_USART_ErrorCallback	16	static
stm32f1xx_hal_usart.c:2013:13:HAL_USART_AbortCpltCallback	16	static
stm32f1xx_hal_usart.c:2052:24:HAL_USART_GetState	16	static
stm32f1xx_hal_usart.c:2063:10:HAL_USART_GetError	16	static
stm32f1xx_hal_usart.c:2101:13:USART_DMATransmitCplt	24	static
stm32f1xx_hal_usart.c:2140:13:USART_DMATxHalfCplt	24	static
stm32f1xx_hal_usart.c:2159:13:USART_DMAReceiveCplt	24	static
stm32f1xx_hal_usart.c:2233:13:USART_DMARxHalfCplt	24	static
stm32f1xx_hal_usart.c:2252:13:USART_DMAError	24	static
stm32f1xx_hal_usart.c:2295:26:USART_WaitOnFlagUntilTimeout	24	static
stm32f1xx_hal_usart.c:2334:13:USART_EndTxTransfer	16	static
stm32f1xx_hal_usart.c:2348:13:USART_EndRxTransfer	16	static
stm32f1xx_hal_usart.c:2364:13:USART_DMAAbortOnError	24	static
stm32f1xx_hal_usart.c:2387:13:USART_DMATxAbortCallback	24	static
stm32f1xx_hal_usart.c:2430:13:USART_DMARxAbortCallback	24	static
stm32f1xx_hal_usart.c:2472:26:USART_Transmit_IT	24	static
stm32f1xx_hal_usart.c:2511:26:USART_EndTransmit_IT	16	static
stm32f1xx_hal_usart.c:2538:26:USART_Receive_IT	24	static
stm32f1xx_hal_usart.c:2614:26:USART_TransmitReceive_IT	24	static
stm32f1xx_hal_usart.c:2716:13:USART_SetConfig	24	static
