stm32l5xx_hal_rtc_ex.c:173:19:HAL_RTCEx_SetTimeStamp	24	static
stm32l5xx_hal_rtc_ex.c:224:19:HAL_RTCEx_SetTimeStamp_IT	24	static
stm32l5xx_hal_rtc_ex.c:267:19:HAL_RTCEx_DeactivateTimeStamp	16	static
stm32l5xx_hal_rtc_ex.c:297:19:HAL_RTCEx_SetInternalTimeStamp	16	static
stm32l5xx_hal_rtc_ex.c:327:19:HAL_RTCEx_DeactivateInternalTimeStamp	16	static
stm32l5xx_hal_rtc_ex.c:362:19:HAL_RTCEx_GetTimeStamp	32	static
stm32l5xx_hal_rtc_ex.c:413:6:HAL_RTCEx_TimeStampIRQHandler	16	static
stm32l5xx_hal_rtc_ex.c:462:13:HAL_RTCEx_TimeStampEventCallback	16	static
stm32l5xx_hal_rtc_ex.c:478:19:HAL_RTCEx_PollForTimeStampEvent	24	static
stm32l5xx_hal_rtc_ex.c:536:19:HAL_RTCEx_SetWakeUpTimer	32	static
stm32l5xx_hal_rtc_ex.c:609:19:HAL_RTCEx_SetWakeUpTimer_IT	32	static
stm32l5xx_hal_rtc_ex.c:693:19:HAL_RTCEx_DeactivateWakeUpTimer	24	static
stm32l5xx_hal_rtc_ex.c:743:10:HAL_RTCEx_GetWakeUpTimer	16	static
stm32l5xx_hal_rtc_ex.c:756:6:HAL_RTCEx_WakeUpTimerIRQHandler	16	static
stm32l5xx_hal_rtc_ex.c:808:13:HAL_RTCEx_WakeUpTimerEventCallback	16	static
stm32l5xx_hal_rtc_ex.c:824:19:HAL_RTCEx_PollForWakeUpTimerEvent	24	static
stm32l5xx_hal_rtc_ex.c:899:19:HAL_RTCEx_SetSmoothCalib	32	static
stm32l5xx_hal_rtc_ex.c:964:19:HAL_RTCEx_SetLowPowerCalib	16	static
stm32l5xx_hal_rtc_ex.c:1004:19:HAL_RTCEx_SetSynchroShift	32	static
stm32l5xx_hal_rtc_ex.c:1097:19:HAL_RTCEx_SetCalibrationOutPut	16	static
stm32l5xx_hal_rtc_ex.c:1133:19:HAL_RTCEx_DeactivateCalibrationOutPut	16	static
stm32l5xx_hal_rtc_ex.c:1163:19:HAL_RTCEx_SetRefClock	24	static
stm32l5xx_hal_rtc_ex.c:1205:19:HAL_RTCEx_DeactivateRefClock	24	static
stm32l5xx_hal_rtc_ex.c:1249:19:HAL_RTCEx_EnableBypassShadow	16	static
stm32l5xx_hal_rtc_ex.c:1281:19:HAL_RTCEx_DisableBypassShadow	16	static
stm32l5xx_hal_rtc_ex.c:1314:19:HAL_RTCEx_MonotonicCounterIncrement	16	static
stm32l5xx_hal_rtc_ex.c:1334:19:HAL_RTCEx_MonotonicCounterGet	24	static
stm32l5xx_hal_rtc_ex.c:1370:13:HAL_RTCEx_AlarmBEventCallback	16	static
stm32l5xx_hal_rtc_ex.c:1386:19:HAL_RTCEx_PollForAlarmBEvent	24	static
stm32l5xx_hal_rtc_ex.c:1449:19:HAL_RTCEx_SetTamper	24	static
stm32l5xx_hal_rtc_ex.c:1516:19:HAL_RTCEx_SetTamper_IT	24	static
stm32l5xx_hal_rtc_ex.c:1600:19:HAL_RTCEx_DeactivateTamper	16	static
stm32l5xx_hal_rtc_ex.c:1626:19:HAL_RTCEx_SetActiveTampers	48	static
stm32l5xx_hal_rtc_ex.c:1736:19:HAL_RTCEx_SetActiveSeed	24	static
stm32l5xx_hal_rtc_ex.c:1770:19:HAL_RTCEx_DeactivateActiveTampers	24	static
stm32l5xx_hal_rtc_ex.c:1813:19:HAL_RTCEx_PollForTamperEvent	32	static
stm32l5xx_hal_rtc_ex.c:1845:19:HAL_RTCEx_SetInternalTamper	16	static
stm32l5xx_hal_rtc_ex.c:1882:19:HAL_RTCEx_SetInternalTamper_IT	16	static
stm32l5xx_hal_rtc_ex.c:1925:19:HAL_RTCEx_DeactivateInternalTamper	16	static
stm32l5xx_hal_rtc_ex.c:1951:19:HAL_RTCEx_PollForInternalTamperEvent	32	static
stm32l5xx_hal_rtc_ex.c:1983:6:HAL_RTCEx_TamperIRQHandler	24	static
stm32l5xx_hal_rtc_ex.c:2328:13:HAL_RTCEx_Tamper1EventCallback	16	static
stm32l5xx_hal_rtc_ex.c:2343:13:HAL_RTCEx_Tamper2EventCallback	16	static
stm32l5xx_hal_rtc_ex.c:2358:13:HAL_RTCEx_Tamper3EventCallback	16	static
stm32l5xx_hal_rtc_ex.c:2373:13:HAL_RTCEx_Tamper4EventCallback	16	static
stm32l5xx_hal_rtc_ex.c:2388:13:HAL_RTCEx_Tamper5EventCallback	16	static
stm32l5xx_hal_rtc_ex.c:2403:13:HAL_RTCEx_Tamper6EventCallback	16	static
stm32l5xx_hal_rtc_ex.c:2418:13:HAL_RTCEx_Tamper7EventCallback	16	static
stm32l5xx_hal_rtc_ex.c:2433:13:HAL_RTCEx_Tamper8EventCallback	16	static
stm32l5xx_hal_rtc_ex.c:2448:13:HAL_RTCEx_InternalTamper1EventCallback	16	static
stm32l5xx_hal_rtc_ex.c:2463:13:HAL_RTCEx_InternalTamper2EventCallback	16	static
stm32l5xx_hal_rtc_ex.c:2478:13:HAL_RTCEx_InternalTamper3EventCallback	16	static
stm32l5xx_hal_rtc_ex.c:2494:13:HAL_RTCEx_InternalTamper5EventCallback	16	static
stm32l5xx_hal_rtc_ex.c:2510:13:HAL_RTCEx_InternalTamper8EventCallback	16	static
stm32l5xx_hal_rtc_ex.c:2552:6:HAL_RTCEx_BKUPWrite	32	static
stm32l5xx_hal_rtc_ex.c:2575:10:HAL_RTCEx_BKUPRead	24	static
stm32l5xx_hal_rtc_ex.c:2616:19:HAL_RTCEx_SecureModeGet	24	static
stm32l5xx_hal_rtc_ex.c:2649:19:HAL_RTCEx_SecureModeSet	16	static
stm32l5xx_hal_rtc_ex.c:2698:19:HAL_RTCEx_PrivilegeModeSet	16	static
stm32l5xx_hal_rtc_ex.c:2734:19:HAL_RTCEx_PrivilegeModeGet	32	static
