stm32l5xx_hal_rcc_ex.c:148:19:HAL_RCCEx_PeriphCLKConfig	40	static
stm32l5xx_hal_rcc_ex.c:683:6:HAL_RCCEx_GetPeriphCLKConfig	16	static
stm32l5xx_hal_rcc_ex.c:810:10:HAL_RCCEx_GetPeriphCLKFreq	40	static
stm32l5xx_hal_rcc_ex.c:1620:19:HAL_RCCEx_EnablePLLSAI1	24	static
stm32l5xx_hal_rcc_ex.c:1689:19:HAL_RCCEx_DisablePLLSAI1	16	static
stm32l5xx_hal_rcc_ex.c:1723:19:HAL_RCCEx_EnablePLLSAI2	24	static
stm32l5xx_hal_rcc_ex.c:1790:19:HAL_RCCEx_DisablePLLSAI2	16	static
stm32l5xx_hal_rcc_ex.c:1828:6:HAL_RCCEx_WakeUpStopCLKConfig	16	static
stm32l5xx_hal_rcc_ex.c:1846:6:HAL_RCCEx_StandbyMSIRangeConfig	16	static
stm32l5xx_hal_rcc_ex.c:1860:6:HAL_RCCEx_EnableLSECSS	4	static
stm32l5xx_hal_rcc_ex.c:1870:6:HAL_RCCEx_DisableLSECSS	4	static
stm32l5xx_hal_rcc_ex.c:1879:6:HAL_RCCEx_LSECSS_IRQHandler	8	static
stm32l5xx_hal_rcc_ex.c:1893:13:HAL_RCCEx_LSECSS_Callback	4	static
stm32l5xx_hal_rcc_ex.c:1908:6:HAL_RCCEx_EnableLSCO	48	static
stm32l5xx_hal_rcc_ex.c:1955:6:HAL_RCCEx_DisableLSCO	16	static
stm32l5xx_hal_rcc_ex.c:1993:6:HAL_RCCEx_EnableMSIPLLMode	4	static
stm32l5xx_hal_rcc_ex.c:2004:6:HAL_RCCEx_DisableMSIPLLMode	4	static
stm32l5xx_hal_rcc_ex.c:2084:6:HAL_RCCEx_CRSConfig	24	static
stm32l5xx_hal_rcc_ex.c:2126:6:HAL_RCCEx_CRSSoftwareSynchronizationGenerate	4	static
stm32l5xx_hal_rcc_ex.c:2136:6:HAL_RCCEx_CRSGetSynchronizationInfo	16	static
stm32l5xx_hal_rcc_ex.c:2169:10:HAL_RCCEx_CRSWaitSynchronization	24	static
stm32l5xx_hal_rcc_ex.c:2253:6:HAL_RCCEx_CRS_IRQHandler	24	static
stm32l5xx_hal_rcc_ex.c:2318:13:HAL_RCCEx_CRS_SyncOkCallback	4	static
stm32l5xx_hal_rcc_ex.c:2329:13:HAL_RCCEx_CRS_SyncWarnCallback	4	static
stm32l5xx_hal_rcc_ex.c:2340:13:HAL_RCCEx_CRS_ExpectedSyncCallback	4	static
stm32l5xx_hal_rcc_ex.c:2356:13:HAL_RCCEx_CRS_ErrorCallback	16	static
stm32l5xx_hal_rcc_ex.c:2380:26:RCCEx_PLLSource_Enable	24	static
stm32l5xx_hal_rcc_ex.c:2475:26:RCCEx_PLLSAI1_Config	24	static
stm32l5xx_hal_rcc_ex.c:2607:26:RCCEx_PLLSAI2_Config	24	static
stm32l5xx_hal_rcc_ex.c:2710:17:RCCEx_PLLSAI1_GetVCOFreq	16	static
stm32l5xx_hal_rcc_ex.c:2759:17:RCCEx_PLLSAI2_GetVCOFreq	16	static
stm32l5xx_hal_rcc_ex.c:2813:17:RCCEx_GetSAIxPeriphCLKFreq	40	static
