Archive member included to satisfy reference by file (symbol)

c:/st/stm32cubeide_1.8.0/stm32cubeide/plugins/com.st.stm32cube.ide.mcu.externaltools.gnu-tools-for-stm32.9-2020-q2-update.win32_2.0.0.202105311346/tools/bin/../lib/gcc/arm-none-eabi/9.3.1/../../../../arm-none-eabi/lib/thumb/v7-m/nofp\libc_nano.a(lib_a-errno.o)
                              ./Core/Src/syscalls.o (__errno)
c:/st/stm32cubeide_1.8.0/stm32cubeide/plugins/com.st.stm32cube.ide.mcu.externaltools.gnu-tools-for-stm32.9-2020-q2-update.win32_2.0.0.202105311346/tools/bin/../lib/gcc/arm-none-eabi/9.3.1/../../../../arm-none-eabi/lib/thumb/v7-m/nofp\libc_nano.a(lib_a-exit.o)
                              c:/st/stm32cubeide_1.8.0/stm32cubeide/plugins/com.st.stm32cube.ide.mcu.externaltools.gnu-tools-for-stm32.9-2020-q2-update.win32_2.0.0.202105311346/tools/bin/../lib/gcc/arm-none-eabi/9.3.1/../../../../arm-none-eabi/lib/thumb/v7-m/nofp/crt0.o (exit)
c:/st/stm32cubeide_1.8.0/stm32cubeide/plugins/com.st.stm32cube.ide.mcu.externaltools.gnu-tools-for-stm32.9-2020-q2-update.win32_2.0.0.202105311346/tools/bin/../lib/gcc/arm-none-eabi/9.3.1/../../../../arm-none-eabi/lib/thumb/v7-m/nofp\libc_nano.a(lib_a-impure.o)
                              c:/st/stm32cubeide_1.8.0/stm32cubeide/plugins/com.st.stm32cube.ide.mcu.externaltools.gnu-tools-for-stm32.9-2020-q2-update.win32_2.0.0.202105311346/tools/bin/../lib/gcc/arm-none-eabi/9.3.1/../../../../arm-none-eabi/lib/thumb/v7-m/nofp\libc_nano.a(lib_a-exit.o) (_global_impure_ptr)
c:/st/stm32cubeide_1.8.0/stm32cubeide/plugins/com.st.stm32cube.ide.mcu.externaltools.gnu-tools-for-stm32.9-2020-q2-update.win32_2.0.0.202105311346/tools/bin/../lib/gcc/arm-none-eabi/9.3.1/../../../../arm-none-eabi/lib/thumb/v7-m/nofp\libc_nano.a(lib_a-init.o)
                              c:/st/stm32cubeide_1.8.0/stm32cubeide/plugins/com.st.stm32cube.ide.mcu.externaltools.gnu-tools-for-stm32.9-2020-q2-update.win32_2.0.0.202105311346/tools/bin/../lib/gcc/arm-none-eabi/9.3.1/../../../../arm-none-eabi/lib/thumb/v7-m/nofp/crt0.o (__libc_init_array)
c:/st/stm32cubeide_1.8.0/stm32cubeide/plugins/com.st.stm32cube.ide.mcu.externaltools.gnu-tools-for-stm32.9-2020-q2-update.win32_2.0.0.202105311346/tools/bin/../lib/gcc/arm-none-eabi/9.3.1/../../../../arm-none-eabi/lib/thumb/v7-m/nofp\libc_nano.a(lib_a-memset.o)
                              c:/st/stm32cubeide_1.8.0/stm32cubeide/plugins/com.st.stm32cube.ide.mcu.externaltools.gnu-tools-for-stm32.9-2020-q2-update.win32_2.0.0.202105311346/tools/bin/../lib/gcc/arm-none-eabi/9.3.1/../../../../arm-none-eabi/lib/thumb/v7-m/nofp/crt0.o (memset)

Allocating common symbols
Common symbol       size              file

uwTick              0x4               ./Drivers/STM32F1xx_HAL_Driver/Src/stm32f1xx_hal.o
pFlash              0x20              ./Drivers/STM32F1xx_HAL_Driver/Src/stm32f1xx_hal_flash.o
husart1             0x44              ./Core/Src/main.o

Discarded input sections

 .text          0x0000000000000000        0x0 c:/st/stm32cubeide_1.8.0/stm32cubeide/plugins/com.st.stm32cube.ide.mcu.externaltools.gnu-tools-for-stm32.9-2020-q2-update.win32_2.0.0.202105311346/tools/bin/../lib/gcc/arm-none-eabi/9.3.1/thumb/v7-m/nofp/crti.o
 .data          0x0000000000000000        0x0 c:/st/stm32cubeide_1.8.0/stm32cubeide/plugins/com.st.stm32cube.ide.mcu.externaltools.gnu-tools-for-stm32.9-2020-q2-update.win32_2.0.0.202105311346/tools/bin/../lib/gcc/arm-none-eabi/9.3.1/thumb/v7-m/nofp/crti.o
 .bss           0x0000000000000000        0x0 c:/st/stm32cubeide_1.8.0/stm32cubeide/plugins/com.st.stm32cube.ide.mcu.externaltools.gnu-tools-for-stm32.9-2020-q2-update.win32_2.0.0.202105311346/tools/bin/../lib/gcc/arm-none-eabi/9.3.1/thumb/v7-m/nofp/crti.o
 .data          0x0000000000000000        0x4 c:/st/stm32cubeide_1.8.0/stm32cubeide/plugins/com.st.stm32cube.ide.mcu.externaltools.gnu-tools-for-stm32.9-2020-q2-update.win32_2.0.0.202105311346/tools/bin/../lib/gcc/arm-none-eabi/9.3.1/thumb/v7-m/nofp/crtbegin.o
 .text          0x0000000000000000       0x7c c:/st/stm32cubeide_1.8.0/stm32cubeide/plugins/com.st.stm32cube.ide.mcu.externaltools.gnu-tools-for-stm32.9-2020-q2-update.win32_2.0.0.202105311346/tools/bin/../lib/gcc/arm-none-eabi/9.3.1/../../../../arm-none-eabi/lib/thumb/v7-m/nofp/crt0.o
 .data          0x0000000000000000        0x0 c:/st/stm32cubeide_1.8.0/stm32cubeide/plugins/com.st.stm32cube.ide.mcu.externaltools.gnu-tools-for-stm32.9-2020-q2-update.win32_2.0.0.202105311346/tools/bin/../lib/gcc/arm-none-eabi/9.3.1/../../../../arm-none-eabi/lib/thumb/v7-m/nofp/crt0.o
 .bss           0x0000000000000000        0x0 c:/st/stm32cubeide_1.8.0/stm32cubeide/plugins/com.st.stm32cube.ide.mcu.externaltools.gnu-tools-for-stm32.9-2020-q2-update.win32_2.0.0.202105311346/tools/bin/../lib/gcc/arm-none-eabi/9.3.1/../../../../arm-none-eabi/lib/thumb/v7-m/nofp/crt0.o
[...]
Memory Configuration

Name             Origin             Length             Attributes
RAM              0x0000000020000000 0x0000000000005000 xrw
FLASH            0x0000000008000000 0x0000000000010000 xr
*default*        0x0000000000000000 0xffffffffffffffff

Linker script and memory map

LOAD c:/st/stm32cubeide_1.8.0/stm32cubeide/plugins/com.st.stm32cube.ide.mcu.externaltools.gnu-tools-for-stm32.9-2020-q2-update.win32_2.0.0.202105311346/tools/bin/../lib/gcc/arm-none-eabi/9.3.1/thumb/v7-m/nofp/crti.o
LOAD c:/st/stm32cubeide_1.8.0/stm32cubeide/plugins/com.st.stm32cube.ide.mcu.externaltools.gnu-tools-for-stm32.9-2020-q2-update.win32_2.0.0.202105311346/tools/bin/../lib/gcc/arm-none-eabi/9.3.1/thumb/v7-m/nofp/crtbegin.o
LOAD c:/st/stm32cubeide_1.8.0/stm32cubeide/plugins/com.st.stm32cube.ide.mcu.externaltools.gnu-tools-for-stm32.9-2020-q2-update.win32_2.0.0.202105311346/tools/bin/../lib/gcc/arm-none-eabi/9.3.1/../../../../arm-none-eabi/lib/thumb/v7-m/nofp/crt0.o
LOAD ./Core/Src/main.o
LOAD ./Core/Src/stm32f1xx_hal_msp.o
LOAD ./Core/Src/stm32f1xx_it.o
LOAD ./Core/Src/syscalls.o
LOAD ./Core/Src/sysmem.o
LOAD ./Core/Src/system_stm32f1xx.o
LOAD ./Core/Startup/startup_stm32f103c8tx.o
LOAD ./Drivers/STM32F1xx_HAL_Driver/Src/stm32f1xx_hal.o
LOAD ./Drivers/STM32F1xx_HAL_Driver/Src/stm32f1xx_hal_cortex.o
LOAD ./Drivers/STM32F1xx_HAL_Driver/Src/stm32f1xx_hal_dma.o
LOAD ./Drivers/STM32F1xx_HAL_Driver/Src/stm32f1xx_hal_exti.o
LOAD ./Drivers/STM32F1xx_HAL_Driver/Src/stm32f1xx_hal_flash.o
LOAD ./Drivers/STM32F1xx_HAL_Driver/Src/stm32f1xx_hal_flash_ex.o
LOAD ./Drivers/STM32F1xx_HAL_Driver/Src/stm32f1xx_hal_gpio.o
LOAD ./Drivers/STM32F1xx_HAL_Driver/Src/stm32f1xx_hal_gpio_ex.o
LOAD ./Drivers/STM32F1xx_HAL_Driver/Src/stm32f1xx_hal_pwr.o
LOAD ./Drivers/STM32F1xx_HAL_Driver/Src/stm32f1xx_hal_rcc.o
LOAD ./Drivers/STM32F1xx_HAL_Driver/Src/stm32f1xx_hal_rcc_ex.o
LOAD ./Drivers/STM32F1xx_HAL_Driver/Src/stm32f1xx_hal_tim.o
LOAD ./Drivers/STM32F1xx_HAL_Driver/Src/stm32f1xx_hal_tim_ex.o
LOAD ./Drivers/STM32F1xx_HAL_Driver/Src/stm32f1xx_hal_usart.o
START GROUP
LOAD c:/st/stm32cubeide_1.8.0/stm32cubeide/plugins/com.st.stm32cube.ide.mcu.externaltools.gnu-tools-for-stm32.9-2020-q2-update.win32_2.0.0.202105311346/tools/bin/../lib/gcc/arm-none-eabi/9.3.1/../../../../arm-none-eabi/lib/thumb/v7-m/nofp\libc_nano.a
LOAD c:/st/stm32cubeide_1.8.0/stm32cubeide/plugins/com.st.stm32cube.ide.mcu.externaltools.gnu-tools-for-stm32.9-2020-q2-update.win32_2.0.0.202105311346/tools/bin/../lib/gcc/arm-none-eabi/9.3.1/../../../../arm-none-eabi/lib/thumb/v7-m/nofp\libm.a
END GROUP
START GROUP
LOAD c:/st/stm32cubeide_1.8.0/stm32cubeide/plugins/com.st.stm32cube.ide.mcu.externaltools.gnu-tools-for-stm32.9-2020-q2-update.win32_2.0.0.202105311346/tools/bin/../lib/gcc/arm-none-eabi/9.3.1/thumb/v7-m/nofp\libgcc.a
LOAD c:/st/stm32cubeide_1.8.0/stm32cubeide/plugins/com.st.stm32cube.ide.mcu.externaltools.gnu-tools-for-stm32.9-2020-q2-update.win32_2.0.0.202105311346/tools/bin/../lib/gcc/arm-none-eabi/9.3.1/../../../../arm-none-eabi/lib/thumb/v7-m/nofp\libc_nano.a
END GROUP
START GROUP
LOAD c:/st/stm32cubeide_1.8.0/stm32cubeide/plugins/com.st.stm32cube.ide.mcu.externaltools.gnu-tools-for-stm32.9-2020-q2-update.win32_2.0.0.202105311346/tools/bin/../lib/gcc/arm-none-eabi/9.3.1/thumb/v7-m/nofp\libgcc.a
LOAD c:/st/stm32cubeide_1.8.0/stm32cubeide/plugins/com.st.stm32cube.ide.mcu.externaltools.gnu-tools-for-stm32.9-2020-q2-update.win32_2.0.0.202105311346/tools/bin/../lib/gcc/arm-none-eabi/9.3.1/../../../../arm-none-eabi/lib/thumb/v7-m/nofp\libc_nano.a
LOAD c:/st/stm32cubeide_1.8.0/stm32cubeide/plugins/com.st.stm32cube.ide.mcu.externaltools.gnu-tools-for-stm32.9-2020-q2-update.win32_2.0.0.202105311346/tools/bin/../lib/gcc/arm-none-eabi/9.3.1/../../../../arm-none-eabi/lib/thumb/v7-m/nofp\libnosys.a
END GROUP
START GROUP
LOAD c:/st/stm32cubeide_1.8.0/stm32cubeide/plugins/com.st.stm32cube.ide.mcu.externaltools.gnu-tools-for-stm32.9-2020-q2-update.win32_2.0.0.202105311346/tools/bin/../lib/gcc/arm-none-eabi/9.3.1/thumb/v7-m/nofp\libgcc.a
LOAD c:/st/stm32cubeide_1.8.0/stm32cubeide/plugins/com.st.stm32cube.ide.mcu.externaltools.gnu-tools-for-stm32.9-2020-q2-update.win32_2.0.0.202105311346/tools/bin/../lib/gcc/arm-none-eabi/9.3.1/../../../../arm-none-eabi/lib/thumb/v7-m/nofp\libc_nano.a
LOAD c:/st/stm32cubeide_1.8.0/stm32cubeide/plugins/com.st.stm32cube.ide.mcu.externaltools.gnu-tools-for-stm32.9-2020-q2-update.win32_2.0.0.202105311346/tools/bin/../lib/gcc/arm-none-eabi/9.3.1/../../../../arm-none-eabi/lib/thumb/v7-m/nofp\libnosys.a
END GROUP
LOAD c:/st/stm32cubeide_1.8.0/stm32cubeide/plugins/com.st.stm32cube.ide.mcu.externaltools.gnu-tools-for-stm32.9-2020-q2-update.win32_2.0.0.202105311346/tools/bin/../lib/gcc/arm-none-eabi/9.3.1/thumb/v7-m/nofp/crtend.o
LOAD c:/st/stm32cubeide_1.8.0/stm32cubeide/plugins/com.st.stm32cube.ide.mcu.externaltools.gnu-tools-for-stm32.9-2020-q2-update.win32_2.0.0.202105311346/tools/bin/../lib/gcc/arm-none-eabi/9.3.1/thumb/v7-m/nofp/crtn.o
                0x0000000020005000                _estack = (ORIGIN (RAM) + LENGTH (RAM))
                0x0000000000000200                _Min_Heap_Size = 0x200
                0x0000000000000400                _Min_Stack_Size = 0x400

.isr_vector     0x0000000008000000      0x10c
                0x0000000008000000                . = ALIGN (0x4)
 *(.isr_vector)
 .isr_vector    0x0000000008000000      0x10c ./Core/Startup/startup_stm32f103c8tx.o
                0x0000000008000000                g_pfnVectors
                0x000000000800010c                . = ALIGN (0x4)

.text           0x000000000800010c     0x16bc
                0x000000000800010c                . = ALIGN (0x4)
 *(.text)
 .text          0x000000000800010c       0x40 c:/st/stm32cubeide_1.8.0/stm32cubeide/plugins/com.st.stm32cube.ide.mcu.externaltools.gnu-tools-for-stm32.9-2020-q2-update.win32_2.0.0.202105311346/tools/bin/../lib/gcc/arm-none-eabi/9.3.1/thumb/v7-m/nofp/crtbegin.o
 *(.text*)
 .text.main     0x000000000800014c       0x54 ./Core/Src/main.o
                0x000000000800014c                main
 .text.SystemClock_Config
                0x00000000080001a0       0x76 ./Core/Src/main.o
                0x00000000080001a0                SystemClock_Config
 *fill*         0x0000000008000216        0x2 
 .text.MX_USART1_Init
                0x0000000008000218       0x5c ./Core/Src/main.o
 .text.MX_GPIO_Init
                0x0000000008000274       0x80 ./Core/Src/main.o
 .text.Error_Handler
                0x00000000080002f4        0xa ./Core/Src/main.o
                0x00000000080002f4                Error_Handler
 *fill*         0x00000000080002fe        0x2 
 .text.HAL_MspInit
                0x0000000008000300       0x64 ./Core/Src/stm32f1xx_hal_msp.o
                0x0000000008000300                HAL_MspInit
 .text.HAL_USART_MspInit
                0x0000000008000364       0x98 ./Core/Src/stm32f1xx_hal_msp.o
                0x0000000008000364                HAL_USART_MspInit
 .text.NMI_Handler
                0x00000000080003fc        0x6 ./Core/Src/stm32f1xx_it.o
                0x00000000080003fc                NMI_Handler
 .text.HardFault_Handler
                0x0000000008000402        0x6 ./Core/Src/stm32f1xx_it.o
                0x0000000008000402                HardFault_Handler
 .text.MemManage_Handler
                0x0000000008000408        0x6 ./Core/Src/stm32f1xx_it.o
                0x0000000008000408                MemManage_Handler
 .text.BusFault_Handler
                0x000000000800040e        0x6 ./Core/Src/stm32f1xx_it.o
                0x000000000800040e                BusFault_Handler
 .text.UsageFault_Handler
                0x0000000008000414        0x6 ./Core/Src/stm32f1xx_it.o
                0x0000000008000414                UsageFault_Handler
 .text.SVC_Handler
                0x000000000800041a        0xc ./Core/Src/stm32f1xx_it.o
                0x000000000800041a                SVC_Handler
 .text.DebugMon_Handler
                0x0000000008000426        0xc ./Core/Src/stm32f1xx_it.o
                0x0000000008000426                DebugMon_Handler
 .text.PendSV_Handler
                0x0000000008000432        0xc ./Core/Src/stm32f1xx_it.o
                0x0000000008000432                PendSV_Handler
 .text.SysTick_Handler
                0x000000000800043e        0xc ./Core/Src/stm32f1xx_it.o
                0x000000000800043e                SysTick_Handler
 .text.SystemInit
                0x000000000800044a        0xc ./Core/Src/system_stm32f1xx.o
                0x000000000800044a                SystemInit
 *fill*         0x0000000008000456        0x2 
 .text.Reset_Handler
                0x0000000008000458       0x48 ./Core/Startup/startup_stm32f103c8tx.o
                0x0000000008000458                Reset_Handler
 .text.Default_Handler
                0x00000000080004a0        0x2 ./Core/Startup/startup_stm32f103c8tx.o
                0x00000000080004a0                RTC_Alarm_IRQHandler
                0x00000000080004a0                EXTI2_IRQHandler
                0x00000000080004a0                TIM1_CC_IRQHandler
                0x00000000080004a0                PVD_IRQHandler
                0x00000000080004a0                EXTI3_IRQHandler
                0x00000000080004a0                EXTI0_IRQHandler
                0x00000000080004a0                I2C2_EV_IRQHandler
                0x00000000080004a0                ADC1_2_IRQHandler
                0x00000000080004a0                SPI1_IRQHandler
                0x00000000080004a0                TAMPER_IRQHandler
                0x00000000080004a0                DMA1_Channel4_IRQHandler
                0x00000000080004a0                USART3_IRQHandler
                0x00000000080004a0                RTC_IRQHandler
                0x00000000080004a0                DMA1_Channel7_IRQHandler
                0x00000000080004a0                CAN1_RX1_IRQHandler
                0x00000000080004a0                TIM4_IRQHandler
                0x00000000080004a0                I2C1_EV_IRQHandler
                0x00000000080004a0                DMA1_Channel6_IRQHandler
                0x00000000080004a0                TIM3_IRQHandler
                0x00000000080004a0                RCC_IRQHandler
                0x00000000080004a0                TIM1_TRG_COM_IRQHandler
                0x00000000080004a0                DMA1_Channel1_IRQHandler
                0x00000000080004a0                Default_Handler
                0x00000000080004a0                EXTI15_10_IRQHandler
                0x00000000080004a0                EXTI9_5_IRQHandler
                0x00000000080004a0                SPI2_IRQHandler
                0x00000000080004a0                DMA1_Channel5_IRQHandler
                0x00000000080004a0                EXTI4_IRQHandler
                0x00000000080004a0                USB_LP_CAN1_RX0_IRQHandler
                0x00000000080004a0                USB_HP_CAN1_TX_IRQHandler
                0x00000000080004a0                DMA1_Channel3_IRQHandler
                0x00000000080004a0                TIM1_UP_IRQHandler
                0x00000000080004a0                WWDG_IRQHandler
                0x00000000080004a0                TIM2_IRQHandler
                0x00000000080004a0                TIM1_BRK_IRQHandler
                0x00000000080004a0                EXTI1_IRQHandler
                0x00000000080004a0                USART2_IRQHandler
                0x00000000080004a0                I2C2_ER_IRQHandler
                0x00000000080004a0                DMA1_Channel2_IRQHandler
                0x00000000080004a0                CAN1_SCE_IRQHandler
                0x00000000080004a0                FLASH_IRQHandler
                0x00000000080004a0                USART1_IRQHandler
                0x00000000080004a0                I2C1_ER_IRQHandler
                0x00000000080004a0                USBWakeUp_IRQHandler
 *fill*         0x00000000080004a2        0x2 
 .text.HAL_Init
                0x00000000080004a4       0x2c ./Drivers/STM32F1xx_HAL_Driver/Src/stm32f1xx_hal.o
                0x00000000080004a4                HAL_Init
 .text.HAL_InitTick
                0x00000000080004d0       0x60 ./Drivers/STM32F1xx_HAL_Driver/Src/stm32f1xx_hal.o
                0x00000000080004d0                HAL_InitTick
 .text.HAL_IncTick
                0x0000000008000530       0x24 ./Drivers/STM32F1xx_HAL_Driver/Src/stm32f1xx_hal.o
                0x0000000008000530                HAL_IncTick
 .text.HAL_GetTick
                0x0000000008000554       0x14 ./Drivers/STM32F1xx_HAL_Driver/Src/stm32f1xx_hal.o
                0x0000000008000554                HAL_GetTick
 .text.HAL_Delay
                0x0000000008000568       0x48 ./Drivers/STM32F1xx_HAL_Driver/Src/stm32f1xx_hal.o
                0x0000000008000568                HAL_Delay
 .text.__NVIC_SetPriorityGrouping
                0x00000000080005b0       0x48 ./Drivers/STM32F1xx_HAL_Driver/Src/stm32f1xx_hal_cortex.o
 .text.__NVIC_GetPriorityGrouping
                0x00000000080005f8       0x1c ./Drivers/STM32F1xx_HAL_Driver/Src/stm32f1xx_hal_cortex.o
 .text.__NVIC_SetPriority
                0x0000000008000614       0x54 ./Drivers/STM32F1xx_HAL_Driver/Src/stm32f1xx_hal_cortex.o
 .text.NVIC_EncodePriority
                0x0000000008000668       0x64 ./Drivers/STM32F1xx_HAL_Driver/Src/stm32f1xx_hal_cortex.o
 .text.SysTick_Config
                0x00000000080006cc       0x44 ./Drivers/STM32F1xx_HAL_Driver/Src/stm32f1xx_hal_cortex.o
 .text.HAL_NVIC_SetPriorityGrouping
                0x0000000008000710       0x16 ./Drivers/STM32F1xx_HAL_Driver/Src/stm32f1xx_hal_cortex.o
                0x0000000008000710                HAL_NVIC_SetPriorityGrouping
 .text.HAL_NVIC_SetPriority
                0x0000000008000726       0x38 ./Drivers/STM32F1xx_HAL_Driver/Src/stm32f1xx_hal_cortex.o
                0x0000000008000726                HAL_NVIC_SetPriority
 .text.HAL_SYSTICK_Config
                0x000000000800075e       0x18 ./Drivers/STM32F1xx_HAL_Driver/Src/stm32f1xx_hal_cortex.o
                0x000000000800075e                HAL_SYSTICK_Config
 *fill*         0x0000000008000776        0x2 
 .text.HAL_GPIO_Init
                0x0000000008000778      0x308 ./Drivers/STM32F1xx_HAL_Driver/Src/stm32f1xx_hal_gpio.o
                0x0000000008000778                HAL_GPIO_Init
 .text.HAL_GPIO_WritePin
                0x0000000008000a80       0x30 ./Drivers/STM32F1xx_HAL_Driver/Src/stm32f1xx_hal_gpio.o
                0x0000000008000a80                HAL_GPIO_WritePin
 .text.HAL_GPIO_TogglePin
                0x0000000008000ab0       0x32 ./Drivers/STM32F1xx_HAL_Driver/Src/stm32f1xx_hal_gpio.o
                0x0000000008000ab0                HAL_GPIO_TogglePin
 *fill*         0x0000000008000ae2        0x2 
 .text.HAL_RCC_OscConfig
                0x0000000008000ae4      0x500 ./Drivers/STM32F1xx_HAL_Driver/Src/stm32f1xx_hal_rcc.o
                0x0000000008000ae4                HAL_RCC_OscConfig
 .text.HAL_RCC_ClockConfig
                0x0000000008000fe4      0x1d4 ./Drivers/STM32F1xx_HAL_Driver/Src/stm32f1xx_hal_rcc.o
                0x0000000008000fe4                HAL_RCC_ClockConfig
 .text.HAL_RCC_GetSysClockFreq
                0x00000000080011b8       0xc0 ./Drivers/STM32F1xx_HAL_Driver/Src/stm32f1xx_hal_rcc.o
                0x00000000080011b8                HAL_RCC_GetSysClockFreq
 .text.HAL_RCC_GetHCLKFreq
                0x0000000008001278       0x14 ./Drivers/STM32F1xx_HAL_Driver/Src/stm32f1xx_hal_rcc.o
                0x0000000008001278                HAL_RCC_GetHCLKFreq
 .text.HAL_RCC_GetPCLK1Freq
                0x000000000800128c       0x28 ./Drivers/STM32F1xx_HAL_Driver/Src/stm32f1xx_hal_rcc.o
                0x000000000800128c                HAL_RCC_GetPCLK1Freq
 .text.HAL_RCC_GetPCLK2Freq
                0x00000000080012b4       0x28 ./Drivers/STM32F1xx_HAL_Driver/Src/stm32f1xx_hal_rcc.o
                0x00000000080012b4                HAL_RCC_GetPCLK2Freq
 .text.RCC_Delay
                0x00000000080012dc       0x3c ./Drivers/STM32F1xx_HAL_Driver/Src/stm32f1xx_hal_rcc.o
 .text.HAL_USART_Init
                0x0000000008001318       0x82 ./Drivers/STM32F1xx_HAL_Driver/Src/stm32f1xx_hal_usart.o
                0x0000000008001318                HAL_USART_Init
 .text.HAL_USART_Transmit
                0x000000000800139a      0x120 ./Drivers/STM32F1xx_HAL_Driver/Src/stm32f1xx_hal_usart.o
                0x000000000800139a                HAL_USART_Transmit
 .text.USART_WaitOnFlagUntilTimeout
                0x00000000080014ba       0xac ./Drivers/STM32F1xx_HAL_Driver/Src/stm32f1xx_hal_usart.o
 *fill*         0x0000000008001566        0x2 
 .text.USART_SetConfig
                0x0000000008001568      0x1f0 ./Drivers/STM32F1xx_HAL_Driver/Src/stm32f1xx_hal_usart.o
 .text.__libc_init_array
                0x0000000008001758       0x48 c:/st/stm32cubeide_1.8.0/stm32cubeide/plugins/com.st.stm32cube.ide.mcu.externaltools.gnu-tools-for-stm32.9-2020-q2-update.win32_2.0.0.202105311346/tools/bin/../lib/gcc/arm-none-eabi/9.3.1/../../../../arm-none-eabi/lib/thumb/v7-m/nofp\libc_nano.a(lib_a-init.o)
                0x0000000008001758                __libc_init_array
 .text.memset   0x00000000080017a0       0x10 c:/st/stm32cubeide_1.8.0/stm32cubeide/plugins/com.st.stm32cube.ide.mcu.externaltools.gnu-tools-for-stm32.9-2020-q2-update.win32_2.0.0.202105311346/tools/bin/../lib/gcc/arm-none-eabi/9.3.1/../../../../arm-none-eabi/lib/thumb/v7-m/nofp\libc_nano.a(lib_a-memset.o)
                0x00000000080017a0                memset
 *(.glue_7)
 .glue_7        0x00000000080017b0        0x0 linker stubs
 *(.glue_7t)
 .glue_7t       0x00000000080017b0        0x0 linker stubs
 *(.eh_frame)
 .eh_frame      0x00000000080017b0        0x0 c:/st/stm32cubeide_1.8.0/stm32cubeide/plugins/com.st.stm32cube.ide.mcu.externaltools.gnu-tools-for-stm32.9-2020-q2-update.win32_2.0.0.202105311346/tools/bin/../lib/gcc/arm-none-eabi/9.3.1/thumb/v7-m/nofp/crtbegin.o
 *(.init)
 .init          0x00000000080017b0        0x4 c:/st/stm32cubeide_1.8.0/stm32cubeide/plugins/com.st.stm32cube.ide.mcu.externaltools.gnu-tools-for-stm32.9-2020-q2-update.win32_2.0.0.202105311346/tools/bin/../lib/gcc/arm-none-eabi/9.3.1/thumb/v7-m/nofp/crti.o
                0x00000000080017b0                _init
 .init          0x00000000080017b4        0x8 c:/st/stm32cubeide_1.8.0/stm32cubeide/plugins/com.st.stm32cube.ide.mcu.externaltools.gnu-tools-for-stm32.9-2020-q2-update.win32_2.0.0.202105311346/tools/bin/../lib/gcc/arm-none-eabi/9.3.1/thumb/v7-m/nofp/crtn.o
 *(.fini)
 .fini          0x00000000080017bc        0x4 c:/st/stm32cubeide_1.8.0/stm32cubeide/plugins/com.st.stm32cube.ide.mcu.externaltools.gnu-tools-for-stm32.9-2020-q2-update.win32_2.0.0.202105311346/tools/bin/../lib/gcc/arm-none-eabi/9.3.1/thumb/v7-m/nofp/crti.o
                0x00000000080017bc                _fini
 .fini          0x00000000080017c0        0x8 c:/st/stm32cubeide_1.8.0/stm32cubeide/plugins/com.st.stm32cube.ide.mcu.externaltools.gnu-tools-for-stm32.9-2020-q2-update.win32_2.0.0.202105311346/tools/bin/../lib/gcc/arm-none-eabi/9.3.1/thumb/v7-m/nofp/crtn.o
                0x00000000080017c8                . = ALIGN (0x4)
                0x00000000080017c8                _etext = .

.vfp11_veneer   0x00000000080017c8        0x0
 .vfp11_veneer  0x00000000080017c8        0x0 linker stubs

.v4_bx          0x00000000080017c8        0x0
 .v4_bx         0x00000000080017c8        0x0 linker stubs

.iplt           0x00000000080017c8        0x0
 .iplt          0x00000000080017c8        0x0 c:/st/stm32cubeide_1.8.0/stm32cubeide/plugins/com.st.stm32cube.ide.mcu.externaltools.gnu-tools-for-stm32.9-2020-q2-update.win32_2.0.0.202105311346/tools/bin/../lib/gcc/arm-none-eabi/9.3.1/thumb/v7-m/nofp/crtbegin.o

.rodata         0x00000000080017c8       0x38
                0x00000000080017c8                . = ALIGN (0x4)
 *(.rodata)
 .rodata        0x00000000080017c8        0xf ./Core/Src/main.o
 *fill*         0x00000000080017d7        0x1 
 .rodata        0x00000000080017d8       0x10 ./Drivers/STM32F1xx_HAL_Driver/Src/stm32f1xx_hal_rcc.o
 *(.rodata*)
 .rodata.AHBPrescTable
                0x00000000080017e8       0x10 ./Core/Src/system_stm32f1xx.o
                0x00000000080017e8                AHBPrescTable
 .rodata.APBPrescTable
                0x00000000080017f8        0x8 ./Core/Src/system_stm32f1xx.o
                0x00000000080017f8                APBPrescTable
                0x0000000008001800                . = ALIGN (0x4)

.rel.dyn        0x0000000008001800        0x0
 .rel.iplt      0x0000000008001800        0x0 c:/st/stm32cubeide_1.8.0/stm32cubeide/plugins/com.st.stm32cube.ide.mcu.externaltools.gnu-tools-for-stm32.9-2020-q2-update.win32_2.0.0.202105311346/tools/bin/../lib/gcc/arm-none-eabi/9.3.1/thumb/v7-m/nofp/crtbegin.o

.ARM.extab      0x0000000008001800        0x0
                0x0000000008001800                . = ALIGN (0x4)
 *(.ARM.extab* .gnu.linkonce.armextab.*)
                0x0000000008001800                . = ALIGN (0x4)

.ARM            0x0000000008001800        0x0
                0x0000000008001800                . = ALIGN (0x4)
                0x0000000008001800                __exidx_start = .
 *(.ARM.exidx*)
                0x0000000008001800                __exidx_end = .
                0x0000000008001800                . = ALIGN (0x4)

.preinit_array  0x0000000008001800        0x0
                0x0000000008001800                . = ALIGN (0x4)
                0x0000000008001800                PROVIDE (__preinit_array_start = .)
 *(.preinit_array*)
                0x0000000008001800                PROVIDE (__preinit_array_end = .)
                0x0000000008001800                . = ALIGN (0x4)

.init_array     0x0000000008001800        0x4
                0x0000000008001800                . = ALIGN (0x4)
                0x0000000008001800                PROVIDE (__init_array_start = .)
 *(SORT_BY_NAME(.init_array.*))
 *(.init_array*)
 .init_array    0x0000000008001800        0x4 c:/st/stm32cubeide_1.8.0/stm32cubeide/plugins/com.st.stm32cube.ide.mcu.externaltools.gnu-tools-for-stm32.9-2020-q2-update.win32_2.0.0.202105311346/tools/bin/../lib/gcc/arm-none-eabi/9.3.1/thumb/v7-m/nofp/crtbegin.o
                0x0000000008001804                PROVIDE (__init_array_end = .)
                0x0000000008001804                . = ALIGN (0x4)

.fini_array     0x0000000008001804        0x4
                0x0000000008001804                . = ALIGN (0x4)
                [!provide]                        PROVIDE (__fini_array_start = .)
 *(SORT_BY_NAME(.fini_array.*))
 *(.fini_array*)
 .fini_array    0x0000000008001804        0x4 c:/st/stm32cubeide_1.8.0/stm32cubeide/plugins/com.st.stm32cube.ide.mcu.externaltools.gnu-tools-for-stm32.9-2020-q2-update.win32_2.0.0.202105311346/tools/bin/../lib/gcc/arm-none-eabi/9.3.1/thumb/v7-m/nofp/crtbegin.o
                [!provide]                        PROVIDE (__fini_array_end = .)
                0x0000000008001808                . = ALIGN (0x4)
                0x0000000008001808                _sidata = LOADADDR (.data)

.data           0x0000000020000000        0xc load address 0x0000000008001808
                0x0000000020000000                . = ALIGN (0x4)
                0x0000000020000000                _sdata = .
 *(.data)
 *(.data*)
 .data.SystemCoreClock
                0x0000000020000000        0x4 ./Core/Src/system_stm32f1xx.o
                0x0000000020000000                SystemCoreClock
 .data.uwTickPrio
                0x0000000020000004        0x4 ./Drivers/STM32F1xx_HAL_Driver/Src/stm32f1xx_hal.o
                0x0000000020000004                uwTickPrio
 .data.uwTickFreq
                0x0000000020000008        0x1 ./Drivers/STM32F1xx_HAL_Driver/Src/stm32f1xx_hal.o
                0x0000000020000008                uwTickFreq
 *(.RamFunc)
 *(.RamFunc*)
                0x000000002000000c                . = ALIGN (0x4)
 *fill*         0x0000000020000009        0x3 
                0x000000002000000c                _edata = .

.igot.plt       0x000000002000000c        0x0 load address 0x0000000008001814
 .igot.plt      0x000000002000000c        0x0 c:/st/stm32cubeide_1.8.0/stm32cubeide/plugins/com.st.stm32cube.ide.mcu.externaltools.gnu-tools-for-stm32.9-2020-q2-update.win32_2.0.0.202105311346/tools/bin/../lib/gcc/arm-none-eabi/9.3.1/thumb/v7-m/nofp/crtbegin.o
                0x000000002000000c                . = ALIGN (0x4)

.bss            0x000000002000000c       0x64 load address 0x0000000008001814
                0x000000002000000c                _sbss = .
                0x000000002000000c                __bss_start__ = _sbss
 *(.bss)
 .bss           0x000000002000000c       0x1c c:/st/stm32cubeide_1.8.0/stm32cubeide/plugins/com.st.stm32cube.ide.mcu.externaltools.gnu-tools-for-stm32.9-2020-q2-update.win32_2.0.0.202105311346/tools/bin/../lib/gcc/arm-none-eabi/9.3.1/thumb/v7-m/nofp/crtbegin.o
 *(.bss*)
 *(COMMON)
 COMMON         0x0000000020000028       0x44 ./Core/Src/main.o
                0x0000000020000028                husart1
 COMMON         0x000000002000006c        0x4 ./Drivers/STM32F1xx_HAL_Driver/Src/stm32f1xx_hal.o
                0x000000002000006c                uwTick
                0x0000000020000070                . = ALIGN (0x4)
                0x0000000020000070                _ebss = .
                0x0000000020000070                __bss_end__ = _ebss

._user_heap_stack
                0x0000000020000070      0x600 load address 0x0000000008001814
                0x0000000020000070                . = ALIGN (0x8)
                [!provide]                        PROVIDE (end = .)
                0x0000000020000070                PROVIDE (_end = .)
                0x0000000020000270                . = (. + _Min_Heap_Size)
 *fill*         0x0000000020000070      0x200 
                0x0000000020000670                . = (. + _Min_Stack_Size)
 *fill*         0x0000000020000270      0x400 
                0x0000000020000670                . = ALIGN (0x8)

/DISCARD/
 libc.a(*)
 libm.a(*)
 libgcc.a(*)

.ARM.attributes
                0x0000000000000000       0x29
 *(.ARM.attributes)
 .ARM.attributes
                0x0000000000000000       0x1d c:/st/stm32cubeide_1.8.0/stm32cubeide/plugins/com.st.stm32cube.ide.mcu.externaltools.gnu-tools-for-stm32.9-2020-q2-update.win32_2.0.0.202105311346/tools/bin/../lib/gcc/arm-none-eabi/9.3.1/thumb/v7-m/nofp/crti.o
 .ARM.attributes
                0x000000000000001d       0x2d c:/st/stm32cubeide_1.8.0/stm32cubeide/plugins/com.st.stm32cube.ide.mcu.externaltools.gnu-tools-for-stm32.9-2020-q2-update.win32_2.0.0.202105311346/tools/bin/../lib/gcc/arm-none-eabi/9.3.1/thumb/v7-m/nofp/crtbegin.o
 .ARM.attributes
                0x000000000000004a       0x2d ./Core/Src/main.o
 .ARM.attributes
                0x0000000000000077       0x2d ./Core/Src/stm32f1xx_hal_msp.o
 .ARM.attributes
                0x00000000000000a4       0x2d ./Core/Src/stm32f1xx_it.o
 .ARM.attributes
                0x00000000000000d1       0x2d ./Core/Src/system_stm32f1xx.o
 .ARM.attributes
                0x00000000000000fe       0x21 ./Core/Startup/startup_stm32f103c8tx.o
 .ARM.attributes
                0x000000000000011f       0x2d ./Drivers/STM32F1xx_HAL_Driver/Src/stm32f1xx_hal.o
 .ARM.attributes
                0x000000000000014c       0x2d ./Drivers/STM32F1xx_HAL_Driver/Src/stm32f1xx_hal_cortex.o
 .ARM.attributes
                0x0000000000000179       0x2d ./Drivers/STM32F1xx_HAL_Driver/Src/stm32f1xx_hal_gpio.o
 .ARM.attributes
                0x00000000000001a6       0x2d ./Drivers/STM32F1xx_HAL_Driver/Src/stm32f1xx_hal_rcc.o
 .ARM.attributes
                0x00000000000001d3       0x2d ./Drivers/STM32F1xx_HAL_Driver/Src/stm32f1xx_hal_usart.o
 .ARM.attributes
                0x0000000000000200       0x2d c:/st/stm32cubeide_1.8.0/stm32cubeide/plugins/com.st.stm32cube.ide.mcu.externaltools.gnu-tools-for-stm32.9-2020-q2-update.win32_2.0.0.202105311346/tools/bin/../lib/gcc/arm-none-eabi/9.3.1/../../../../arm-none-eabi/lib/thumb/v7-m/nofp\libc_nano.a(lib_a-init.o)
 .ARM.attributes
                0x000000000000022d       0x2d c:/st/stm32cubeide_1.8.0/stm32cubeide/plugins/com.st.stm32cube.ide.mcu.externaltools.gnu-tools-for-stm32.9-2020-q2-update.win32_2.0.0.202105311346/tools/bin/../lib/gcc/arm-none-eabi/9.3.1/../../../../arm-none-eabi/lib/thumb/v7-m/nofp\libc_nano.a(lib_a-memset.o)
 .ARM.attributes
                0x000000000000025a       0x1d c:/st/stm32cubeide_1.8.0/stm32cubeide/plugins/com.st.stm32cube.ide.mcu.externaltools.gnu-tools-for-stm32.9-2020-q2-update.win32_2.0.0.202105311346/tools/bin/../lib/gcc/arm-none-eabi/9.3.1/thumb/v7-m/nofp/crtn.o
OUTPUT(ProtocolsUSARTExample1.elf elf32-littlearm)
LOAD linker stubs
LOAD c:/st/stm32cubeide_1.8.0/stm32cubeide/plugins/com.st.stm32cube.ide.mcu.externaltools.gnu-tools-for-stm32.9-2020-q2-update.win32_2.0.0.202105311346/tools/bin/../lib/gcc/arm-none-eabi/9.3.1/../../../../arm-none-eabi/lib/thumb/v7-m/nofp\libc.a
LOAD c:/st/stm32cubeide_1.8.0/stm32cubeide/plugins/com.st.stm32cube.ide.mcu.externaltools.gnu-tools-for-stm32.9-2020-q2-update.win32_2.0.0.202105311346/tools/bin/../lib/gcc/arm-none-eabi/9.3.1/../../../../arm-none-eabi/lib/thumb/v7-m/nofp\libm.a
LOAD c:/st/stm32cubeide_1.8.0/stm32cubeide/plugins/com.st.stm32cube.ide.mcu.externaltools.gnu-tools-for-stm32.9-2020-q2-update.win32_2.0.0.202105311346/tools/bin/../lib/gcc/arm-none-eabi/9.3.1/thumb/v7-m/nofp\libgcc.a

.debug_info     0x0000000000000000     0x4c30
 .debug_info    0x0000000000000000      0x9c6 ./Core/Src/main.o
 .debug_info    0x00000000000009c6      0x8b9 ./Core/Src/stm32f1xx_hal_msp.o
 .debug_info    0x000000000000127f      0x222 ./Core/Src/stm32f1xx_it.o
 .debug_info    0x00000000000014a1      0x2be ./Core/Src/system_stm32f1xx.o
 .debug_info    0x000000000000175f       0x22 ./Core/Startup/startup_stm32f103c8tx.o
 .debug_info    0x0000000000001781      0x76a ./Drivers/STM32F1xx_HAL_Driver/Src/stm32f1xx_hal.o
 .debug_info    0x0000000000001eeb      0xbdc ./Drivers/STM32F1xx_HAL_Driver/Src/stm32f1xx_hal_cortex.o
 .debug_info    0x0000000000002ac7      0x701 ./Drivers/STM32F1xx_HAL_Driver/Src/stm32f1xx_hal_gpio.o
 .debug_info    0x00000000000031c8      0x88e ./Drivers/STM32F1xx_HAL_Driver/Src/stm32f1xx_hal_rcc.o
 .debug_info    0x0000000000003a56     0x11da ./Drivers/STM32F1xx_HAL_Driver/Src/stm32f1xx_hal_usart.o

.debug_abbrev   0x0000000000000000     0x11cb
 .debug_abbrev  0x0000000000000000      0x222 ./Core/Src/main.o
 .debug_abbrev  0x0000000000000222      0x1ac ./Core/Src/stm32f1xx_hal_msp.o
 .debug_abbrev  0x00000000000003ce       0xd2 ./Core/Src/stm32f1xx_it.o
 .debug_abbrev  0x00000000000004a0      0x14e ./Core/Src/system_stm32f1xx.o
 .debug_abbrev  0x00000000000005ee       0x12 ./Core/Startup/startup_stm32f103c8tx.o
 .debug_abbrev  0x0000000000000600      0x1ed ./Drivers/STM32F1xx_HAL_Driver/Src/stm32f1xx_hal.o
 .debug_abbrev  0x00000000000007ed      0x313 ./Drivers/STM32F1xx_HAL_Driver/Src/stm32f1xx_hal_cortex.o
 .debug_abbrev  0x0000000000000b00      0x1e8 ./Drivers/STM32F1xx_HAL_Driver/Src/stm32f1xx_hal_gpio.o
 .debug_abbrev  0x0000000000000ce8      0x273 ./Drivers/STM32F1xx_HAL_Driver/Src/stm32f1xx_hal_rcc.o
 .debug_abbrev  0x0000000000000f5b      0x270 ./Drivers/STM32F1xx_HAL_Driver/Src/stm32f1xx_hal_usart.o

.debug_aranges  0x0000000000000000      0x560
 .debug_aranges
                0x0000000000000000       0x40 ./Core/Src/main.o
 .debug_aranges
                0x0000000000000040       0x30 ./Core/Src/stm32f1xx_hal_msp.o
 .debug_aranges
                0x0000000000000070       0x60 ./Core/Src/stm32f1xx_it.o
 .debug_aranges
                0x00000000000000d0       0x28 ./Core/Src/system_stm32f1xx.o
 .debug_aranges
                0x00000000000000f8       0x28 ./Core/Startup/startup_stm32f103c8tx.o
 .debug_aranges
                0x0000000000000120       0xe0 ./Drivers/STM32F1xx_HAL_Driver/Src/stm32f1xx_hal.o
 .debug_aranges
                0x0000000000000200      0x100 ./Drivers/STM32F1xx_HAL_Driver/Src/stm32f1xx_hal_cortex.o
 .debug_aranges
                0x0000000000000300       0x58 ./Drivers/STM32F1xx_HAL_Driver/Src/stm32f1xx_hal_gpio.o
 .debug_aranges
                0x0000000000000358       0x90 ./Drivers/STM32F1xx_HAL_Driver/Src/stm32f1xx_hal_rcc.o
 .debug_aranges
                0x00000000000003e8      0x178 ./Drivers/STM32F1xx_HAL_Driver/Src/stm32f1xx_hal_usart.o

.debug_ranges   0x0000000000000000      0x4c8
 .debug_ranges  0x0000000000000000       0x30 ./Core/Src/main.o
 .debug_ranges  0x0000000000000030       0x20 ./Core/Src/stm32f1xx_hal_msp.o
 .debug_ranges  0x0000000000000050       0x50 ./Core/Src/stm32f1xx_it.o
 .debug_ranges  0x00000000000000a0       0x18 ./Core/Src/system_stm32f1xx.o
 .debug_ranges  0x00000000000000b8       0x20 ./Core/Startup/startup_stm32f103c8tx.o
 .debug_ranges  0x00000000000000d8       0xd0 ./Drivers/STM32F1xx_HAL_Driver/Src/stm32f1xx_hal.o
 .debug_ranges  0x00000000000001a8       0xf0 ./Drivers/STM32F1xx_HAL_Driver/Src/stm32f1xx_hal_cortex.o
 .debug_ranges  0x0000000000000298       0x48 ./Drivers/STM32F1xx_HAL_Driver/Src/stm32f1xx_hal_gpio.o
 .debug_ranges  0x00000000000002e0       0x80 ./Drivers/STM32F1xx_HAL_Driver/Src/stm32f1xx_hal_rcc.o
 .debug_ranges  0x0000000000000360      0x168 ./Drivers/STM32F1xx_HAL_Driver/Src/stm32f1xx_hal_usart.o

.debug_macro    0x0000000000000000    0x15d06
 .debug_macro   0x0000000000000000      0x19d ./Core/Src/main.o
 .debug_macro   0x000000000000019d      0xa9c ./Core/Src/main.o
 .debug_macro   0x0000000000000c39      0x215 ./Core/Src/main.o
 .debug_macro   0x0000000000000e4e       0x2e ./Core/Src/main.o
 .debug_macro   0x0000000000000e7c       0x22 ./Core/Src/main.o
 .debug_macro   0x0000000000000e9e       0x22 ./Core/Src/main.o
 .debug_macro   0x0000000000000ec0       0x8e ./Core/Src/main.o
 .debug_macro   0x0000000000000f4e       0x51 ./Core/Src/main.o
 .debug_macro   0x0000000000000f9f      0x103 ./Core/Src/main.o
 .debug_macro   0x00000000000010a2       0x6a ./Core/Src/main.o
 .debug_macro   0x000000000000110c      0x1df ./Core/Src/main.o
 .debug_macro   0x00000000000012eb       0x1c ./Core/Src/main.o
 .debug_macro   0x0000000000001307       0x22 ./Core/Src/main.o
 .debug_macro   0x0000000000001329       0xc3 ./Core/Src/main.o
 .debug_macro   0x00000000000013ec      0xd23 ./Core/Src/main.o
 .debug_macro   0x000000000000210f     0xe09e ./Core/Src/main.o
 .debug_macro   0x00000000000101ad       0x6d ./Core/Src/main.o
 .debug_macro   0x000000000001021a     0x3468 ./Core/Src/main.o
 .debug_macro   0x0000000000013682      0x174 ./Core/Src/main.o
 .debug_macro   0x00000000000137f6       0x5c ./Core/Src/main.o
 .debug_macro   0x0000000000013852      0x5be ./Core/Src/main.o
 .debug_macro   0x0000000000013e10      0x289 ./Core/Src/main.o
 .debug_macro   0x0000000000014099      0x1cb ./Core/Src/main.o
 .debug_macro   0x0000000000014264      0x114 ./Core/Src/main.o
 .debug_macro   0x0000000000014378      0x1b2 ./Core/Src/main.o
 .debug_macro   0x000000000001452a       0x27 ./Core/Src/main.o
 .debug_macro   0x0000000000014551      0x136 ./Core/Src/main.o
 .debug_macro   0x0000000000014687      0x1bc ./Core/Src/main.o
 .debug_macro   0x0000000000014843       0x34 ./Core/Src/main.o
 .debug_macro   0x0000000000014877       0x3c ./Core/Src/main.o
 .debug_macro   0x00000000000148b3       0x57 ./Core/Src/main.o
 .debug_macro   0x000000000001490a       0x88 ./Core/Src/main.o
 .debug_macro   0x0000000000014992      0x241 ./Core/Src/main.o
 .debug_macro   0x0000000000014bd3      0x141 ./Core/Src/main.o
 .debug_macro   0x0000000000014d14      0x217 ./Core/Src/main.o
 .debug_macro   0x0000000000014f2b       0x83 ./Core/Src/main.o
 .debug_macro   0x0000000000014fae       0x10 ./Core/Src/main.o
 .debug_macro   0x0000000000014fbe      0x19d ./Core/Src/stm32f1xx_hal_msp.o
 .debug_macro   0x000000000001515b      0x1a7 ./Core/Src/stm32f1xx_it.o
 .debug_macro   0x0000000000015302      0x18e ./Core/Src/system_stm32f1xx.o
 .debug_macro   0x0000000000015490      0x1b2 ./Drivers/STM32F1xx_HAL_Driver/Src/stm32f1xx_hal.o
 .debug_macro   0x0000000000015642      0x18e ./Drivers/STM32F1xx_HAL_Driver/Src/stm32f1xx_hal_cortex.o
 .debug_macro   0x00000000000157d0      0x1f9 ./Drivers/STM32F1xx_HAL_Driver/Src/stm32f1xx_hal_gpio.o
 .debug_macro   0x00000000000159c9      0x1a0 ./Drivers/STM32F1xx_HAL_Driver/Src/stm32f1xx_hal_rcc.o
 .debug_macro   0x0000000000015b69      0x19d ./Drivers/STM32F1xx_HAL_Driver/Src/stm32f1xx_hal_usart.o

.debug_line     0x0000000000000000     0x5e98
 .debug_line    0x0000000000000000      0x72a ./Core/Src/main.o
 .debug_line    0x000000000000072a      0x6a0 ./Core/Src/stm32f1xx_hal_msp.o
 .debug_line    0x0000000000000dca      0x70f ./Core/Src/stm32f1xx_it.o
 .debug_line    0x00000000000014d9      0x6cb ./Core/Src/system_stm32f1xx.o
 .debug_line    0x0000000000001ba4       0x87 ./Core/Startup/startup_stm32f103c8tx.o
 .debug_line    0x0000000000001c2b      0x8f8 ./Drivers/STM32F1xx_HAL_Driver/Src/stm32f1xx_hal.o
 .debug_line    0x0000000000002523      0xae0 ./Drivers/STM32F1xx_HAL_Driver/Src/stm32f1xx_hal_cortex.o
 .debug_line    0x0000000000003003      0x98f ./Drivers/STM32F1xx_HAL_Driver/Src/stm32f1xx_hal_gpio.o
 .debug_line    0x0000000000003992      0xd06 ./Drivers/STM32F1xx_HAL_Driver/Src/stm32f1xx_hal_rcc.o
 .debug_line    0x0000000000004698     0x1800 ./Drivers/STM32F1xx_HAL_Driver/Src/stm32f1xx_hal_usart.o

.debug_str      0x0000000000000000    0x7d8c7
 .debug_str     0x0000000000000000    0x7c4a7 ./Core/Src/main.o
                                      0x7c822 (size before relaxing)
 .debug_str     0x000000000007c4a7       0x87 ./Core/Src/stm32f1xx_hal_msp.o
                                      0x7c6e4 (size before relaxing)
 .debug_str     0x000000000007c52e       0xbd ./Core/Src/stm32f1xx_it.o
                                      0x7c2f0 (size before relaxing)
 .debug_str     0x000000000007c5eb       0x52 ./Core/Src/system_stm32f1xx.o
                                      0x7c296 (size before relaxing)
 .debug_str     0x000000000007c63d       0x36 ./Core/Startup/startup_stm32f103c8tx.o
                                         0x68 (size before relaxing)
 .debug_str     0x000000000007c673      0x568 ./Drivers/STM32F1xx_HAL_Driver/Src/stm32f1xx_hal.o
                                      0x7c927 (size before relaxing)
 .debug_str     0x000000000007cbdb      0x300 ./Drivers/STM32F1xx_HAL_Driver/Src/stm32f1xx_hal_cortex.o
                                      0x7c92f (size before relaxing)
 .debug_str     0x000000000007cedb      0x324 ./Drivers/STM32F1xx_HAL_Driver/Src/stm32f1xx_hal_gpio.o
                                      0x7c65a (size before relaxing)
 .debug_str     0x000000000007d1ff      0x24f ./Drivers/STM32F1xx_HAL_Driver/Src/stm32f1xx_hal_rcc.o
                                      0x7c693 (size before relaxing)
 .debug_str     0x000000000007d44e      0x479 ./Drivers/STM32F1xx_HAL_Driver/Src/stm32f1xx_hal_usart.o
                                      0x7caf0 (size before relaxing)

.comment        0x0000000000000000       0x53
 .comment       0x0000000000000000       0x53 ./Core/Src/main.o
                                         0x54 (size before relaxing)
 .comment       0x0000000000000053       0x54 ./Core/Src/stm32f1xx_hal_msp.o
 .comment       0x0000000000000053       0x54 ./Core/Src/stm32f1xx_it.o
 .comment       0x0000000000000053       0x54 ./Core/Src/system_stm32f1xx.o
 .comment       0x0000000000000053       0x54 ./Drivers/STM32F1xx_HAL_Driver/Src/stm32f1xx_hal.o
 .comment       0x0000000000000053       0x54 ./Drivers/STM32F1xx_HAL_Driver/Src/stm32f1xx_hal_cortex.o
 .comment       0x0000000000000053       0x54 ./Drivers/STM32F1xx_HAL_Driver/Src/stm32f1xx_hal_gpio.o
 .comment       0x0000000000000053       0x54 ./Drivers/STM32F1xx_HAL_Driver/Src/stm32f1xx_hal_rcc.o
 .comment       0x0000000000000053       0x54 ./Drivers/STM32F1xx_HAL_Driver/Src/stm32f1xx_hal_usart.o

.debug_frame    0x0000000000000000     0x1434
 .debug_frame   0x0000000000000000       0xac ./Core/Src/main.o
 .debug_frame   0x00000000000000ac       0x80 ./Core/Src/stm32f1xx_hal_msp.o
 .debug_frame   0x000000000000012c      0x104 ./Core/Src/stm32f1xx_it.o
 .debug_frame   0x0000000000000230       0x58 ./Core/Src/system_stm32f1xx.o
 .debug_frame   0x0000000000000288      0x334 ./Drivers/STM32F1xx_HAL_Driver/Src/stm32f1xx_hal.o
 .debug_frame   0x00000000000005bc      0x428 ./Drivers/STM32F1xx_HAL_Driver/Src/stm32f1xx_hal_cortex.o
 .debug_frame   0x00000000000009e4      0x14c ./Drivers/STM32F1xx_HAL_Driver/Src/stm32f1xx_hal_gpio.o
 .debug_frame   0x0000000000000b30      0x21c ./Drivers/STM32F1xx_HAL_Driver/Src/stm32f1xx_hal_rcc.o
 .debug_frame   0x0000000000000d4c      0x69c ./Drivers/STM32F1xx_HAL_Driver/Src/stm32f1xx_hal_usart.o
 .debug_frame   0x00000000000013e8       0x2c c:/st/stm32cubeide_1.8.0/stm32cubeide/plugins/com.st.stm32cube.ide.mcu.externaltools.gnu-tools-for-stm32.9-2020-q2-update.win32_2.0.0.202105311346/tools/bin/../lib/gcc/arm-none-eabi/9.3.1/../../../../arm-none-eabi/lib/thumb/v7-m/nofp\libc_nano.a(lib_a-init.o)
 .debug_frame   0x0000000000001414       0x20 c:/st/stm32cubeide_1.8.0/stm32cubeide/plugins/com.st.stm32cube.ide.mcu.externaltools.gnu-tools-for-stm32.9-2020-q2-update.win32_2.0.0.202105311346/tools/bin/../lib/gcc/arm-none-eabi/9.3.1/../../../../arm-none-eabi/lib/thumb/v7-m/nofp\libc_nano.a(lib_a-memset.o)
