stm32l5xx_hal_pwr_ex.c:103:10:HAL_PWREx_GetVoltageRange	4	static
stm32l5xx_hal_pwr_ex.c:133:19:HAL_PWREx_ControlVoltageScaling	24	static
stm32l5xx_hal_pwr_ex.c:186:6:HAL_PWREx_EnableBatteryCharging	16	static
stm32l5xx_hal_pwr_ex.c:202:6:HAL_PWREx_DisableBatteryCharging	4	static
stm32l5xx_hal_pwr_ex.c:214:6:HAL_PWREx_EnableVddUSB	4	static
stm32l5xx_hal_pwr_ex.c:224:6:HAL_PWREx_DisableVddUSB	4	static
stm32l5xx_hal_pwr_ex.c:235:6:HAL_PWREx_EnableVddIO2	4	static
stm32l5xx_hal_pwr_ex.c:244:6:HAL_PWREx_DisableVddIO2	4	static
stm32l5xx_hal_pwr_ex.c:270:19:HAL_PWREx_EnableGPIOPullUp	24	static
stm32l5xx_hal_pwr_ex.c:335:19:HAL_PWREx_DisableGPIOPullUp	24	static
stm32l5xx_hal_pwr_ex.c:399:19:HAL_PWREx_EnableGPIOPullDown	24	static
stm32l5xx_hal_pwr_ex.c:464:19:HAL_PWREx_DisableGPIOPullDown	24	static
stm32l5xx_hal_pwr_ex.c:517:6:HAL_PWREx_EnablePullUpPullDownConfig	4	static
stm32l5xx_hal_pwr_ex.c:529:6:HAL_PWREx_DisablePullUpPullDownConfig	4	static
stm32l5xx_hal_pwr_ex.c:544:19:HAL_PWREx_ConfigSRAM2ContentRetention	16	static
stm32l5xx_hal_pwr_ex.c:562:6:HAL_PWREx_EnableSRAM2ContentRetention	8	static
stm32l5xx_hal_pwr_ex.c:574:6:HAL_PWREx_DisableSRAM2ContentRetention	8	static
stm32l5xx_hal_pwr_ex.c:584:6:HAL_PWREx_EnablePVM1	4	static
stm32l5xx_hal_pwr_ex.c:593:6:HAL_PWREx_DisablePVM1	4	static
stm32l5xx_hal_pwr_ex.c:602:6:HAL_PWREx_EnablePVM2	4	static
stm32l5xx_hal_pwr_ex.c:611:6:HAL_PWREx_DisablePVM2	4	static
stm32l5xx_hal_pwr_ex.c:621:6:HAL_PWREx_EnablePVM3	4	static
stm32l5xx_hal_pwr_ex.c:630:6:HAL_PWREx_DisablePVM3	4	static
stm32l5xx_hal_pwr_ex.c:640:6:HAL_PWREx_EnablePVM4	4	static
stm32l5xx_hal_pwr_ex.c:649:6:HAL_PWREx_DisablePVM4	4	static
stm32l5xx_hal_pwr_ex.c:669:19:HAL_PWREx_ConfigPVM	24	static
stm32l5xx_hal_pwr_ex.c:827:6:HAL_PWREx_EnableLowPowerRunMode	4	static
stm32l5xx_hal_pwr_ex.c:842:19:HAL_PWREx_DisableLowPowerRunMode	16	static
stm32l5xx_hal_pwr_ex.c:888:6:HAL_PWREx_EnterSTOP0Mode	16	static,ignoring_inline_asm
stm32l5xx_hal_pwr_ex.c:939:6:HAL_PWREx_EnterSTOP1Mode	16	static,ignoring_inline_asm
stm32l5xx_hal_pwr_ex.c:991:6:HAL_PWREx_EnterSTOP2Mode	16	static,ignoring_inline_asm
stm32l5xx_hal_pwr_ex.c:1033:6:HAL_PWREx_EnterSHUTDOWNMode	4	static,ignoring_inline_asm
stm32l5xx_hal_pwr_ex.c:1058:6:HAL_PWREx_PVD_PVM_IRQHandler	16	static
stm32l5xx_hal_pwr_ex.c:1124:13:HAL_PWREx_PVM1Callback	4	static
stm32l5xx_hal_pwr_ex.c:1135:13:HAL_PWREx_PVM2Callback	4	static
stm32l5xx_hal_pwr_ex.c:1146:13:HAL_PWREx_PVM3Callback	4	static
stm32l5xx_hal_pwr_ex.c:1157:13:HAL_PWREx_PVM4Callback	4	static
stm32l5xx_hal_pwr_ex.c:1169:6:HAL_PWREx_EnableUCPDStandbyMode	4	static
stm32l5xx_hal_pwr_ex.c:1182:6:HAL_PWREx_DisableUCPDStandbyMode	4	static
stm32l5xx_hal_pwr_ex.c:1192:6:HAL_PWREx_EnableUCPDDeadBattery	4	static
stm32l5xx_hal_pwr_ex.c:1203:6:HAL_PWREx_DisableUCPDDeadBattery	4	static
stm32l5xx_hal_pwr_ex.c:1215:6:HAL_PWREx_EnableUltraLowPowerMode	4	static
stm32l5xx_hal_pwr_ex.c:1226:6:HAL_PWREx_DisableUltraLowPowerMode	4	static
stm32l5xx_hal_pwr_ex.c:1271:19:HAL_PWREx_SMPS_SetMode	32	static
stm32l5xx_hal_pwr_ex.c:1340:10:HAL_PWREx_SMPS_GetEffectiveMode	16	static
stm32l5xx_hal_pwr_ex.c:1367:6:HAL_PWREx_SMPS_EnableFastStart	4	static
stm32l5xx_hal_pwr_ex.c:1377:6:HAL_PWREx_SMPS_DisableFastStart	4	static
stm32l5xx_hal_pwr_ex.c:1387:6:HAL_PWREx_SMPS_DisableBypassMode	4	static
stm32l5xx_hal_pwr_ex.c:1397:6:HAL_PWREx_SMPS_EnableBypassMode	4	static
stm32l5xx_hal_pwr_ex.c:1408:6:HAL_PWREx_SMPS_EnableExternal	4	static
stm32l5xx_hal_pwr_ex.c:1418:6:HAL_PWREx_SMPS_DisableExternal	4	static
stm32l5xx_hal_pwr_ex.c:1429:10:HAL_PWREx_SMPS_GetMainRegulatorExtSMPSReadyStatus	16	static
