stm32l5xx_hal.c:139:19:HAL_Init	16	static
stm32l5xx_hal.c:169:19:HAL_DeInit	8	static
stm32l5xx_hal.c:198:13:HAL_MspInit	4	static
stm32l5xx_hal.c:209:13:HAL_MspDeInit	4	static
stm32l5xx_hal.c:232:26:HAL_InitTick	24	static
stm32l5xx_hal.c:299:13:HAL_IncTick	4	static
stm32l5xx_hal.c:310:17:HAL_GetTick	4	static
stm32l5xx_hal.c:319:10:HAL_GetTickPrio	4	static
stm32l5xx_hal.c:329:19:HAL_SetTickFreq	24	static
stm32l5xx_hal.c:351:10:HAL_GetTickFreq	4	static
stm32l5xx_hal.c:367:13:HAL_Delay	24	static
stm32l5xx_hal.c:393:13:HAL_SuspendTick	4	static
stm32l5xx_hal.c:409:13:HAL_ResumeTick	4	static
stm32l5xx_hal.c:419:10:HAL_GetHalVersion	4	static
stm32l5xx_hal.c:428:10:HAL_GetREVID	4	static
stm32l5xx_hal.c:437:10:HAL_GetDEVID	4	static
stm32l5xx_hal.c:446:10:HAL_GetUIDw0	4	static
stm32l5xx_hal.c:455:10:HAL_GetUIDw1	4	static
stm32l5xx_hal.c:464:10:HAL_GetUIDw2	4	static
stm32l5xx_hal.c:493:6:HAL_DBGMCU_EnableDBGSleepMode	4	static
stm32l5xx_hal.c:502:6:HAL_DBGMCU_DisableDBGSleepMode	4	static
stm32l5xx_hal.c:511:6:HAL_DBGMCU_EnableDBGStopMode	4	static
stm32l5xx_hal.c:520:6:HAL_DBGMCU_DisableDBGStopMode	4	static
stm32l5xx_hal.c:529:6:HAL_DBGMCU_EnableDBGStandbyMode	4	static
stm32l5xx_hal.c:538:6:HAL_DBGMCU_DisableDBGStandbyMode	4	static
stm32l5xx_hal.c:571:6:HAL_SYSCFG_SRAM2Erase	4	static
stm32l5xx_hal.c:593:6:HAL_SYSCFG_VREFBUF_VoltageScalingConfig	24	static
stm32l5xx_hal.c:624:6:HAL_SYSCFG_VREFBUF_HighImpedanceConfig	16	static
stm32l5xx_hal.c:636:6:HAL_SYSCFG_VREFBUF_TrimmingConfig	16	static
stm32l5xx_hal.c:648:19:HAL_SYSCFG_EnableVREFBUF	16	static
stm32l5xx_hal.c:674:6:HAL_SYSCFG_DisableVREFBUF	4	static
stm32l5xx_hal.c:684:6:HAL_SYSCFG_EnableIOAnalogBooster	4	static
stm32l5xx_hal.c:694:6:HAL_SYSCFG_DisableIOAnalogBooster	4	static
stm32l5xx_hal.c:704:6:HAL_SYSCFG_EnableIOAnalogSwitchVdd	4	static
stm32l5xx_hal.c:714:6:HAL_SYSCFG_DisableIOAnalogSwitchVdd	4	static
stm32l5xx_hal.c:743:6:HAL_SYSCFG_Lock	16	static
stm32l5xx_hal.c:764:19:HAL_SYSCFG_GetLock	24	static
