stm32l5xx_hal_flash_ex.c:168:19:HAL_FLASHEx_Erase	32	static
stm32l5xx_hal_flash_ex.c:238:19:HAL_FLASHEx_Erase_IT	24	static
stm32l5xx_hal_flash_ex.c:304:19:HAL_FLASHEx_OBProgram	24	static
stm32l5xx_hal_flash_ex.c:389:6:HAL_FLASHEx_OBGetConfig	16	static
stm32l5xx_hal_flash_ex.c:564:6:HAL_FLASHEx_ConfigPrivMode	16	static
stm32l5xx_hal_flash_ex.c:580:10:HAL_FLASHEx_GetPrivMode	4	static
stm32l5xx_hal_flash_ex.c:644:19:HAL_FLASHEx_ConfigLVEPin	24	static
stm32l5xx_hal_flash_ex.c:696:10:HAL_FLASHEx_GetLVEPin	4	static
stm32l5xx_hal_flash_ex.c:723:13:FLASH_MassErase	24	static
stm32l5xx_hal_flash_ex.c:779:6:FLASH_PageErase	24	static
stm32l5xx_hal_flash_ex.c:852:13:FLASH_OB_WRPConfig	24	static
stm32l5xx_hal_flash_ex.c:905:13:FLASH_OB_RDPConfig	16	static
stm32l5xx_hal_flash_ex.c:937:13:FLASH_OB_UserConfig	24	static
stm32l5xx_hal_flash_ex.c:1236:13:FLASH_OB_BootAddrConfig	16	static
stm32l5xx_hal_flash_ex.c:1279:13:FLASH_OB_GetWRP	24	static
stm32l5xx_hal_flash_ex.c:1317:17:FLASH_OB_GetRDP	16	static
stm32l5xx_hal_flash_ex.c:1344:17:FLASH_OB_GetUser	16	static
stm32l5xx_hal_flash_ex.c:1441:13:FLASH_OB_GetBootAddr	16	static
