core_cm33.h:2191:22:__NVIC_SetPriorityGrouping	24	static
core_cm33.h:2210:26:__NVIC_GetPriorityGrouping	4	static
core_cm33.h:2222:22:__NVIC_EnableIRQ	16	static
core_cm33.h:2258:22:__NVIC_DisableIRQ	16	static,ignoring_inline_asm
core_cm33.h:2277:26:__NVIC_GetPendingIRQ	16	static
core_cm33.h:2296:22:__NVIC_SetPendingIRQ	16	static
core_cm33.h:2311:22:__NVIC_ClearPendingIRQ	16	static
core_cm33.h:2328:26:__NVIC_GetActive	16	static
core_cm33.h:2417:22:__NVIC_SetPriority	16	static
core_cm33.h:2439:26:__NVIC_GetPriority	16	static
core_cm33.h:2464:26:NVIC_EncodePriority	40	static
core_cm33.h:2491:22:NVIC_DecodePriority	40	static
core_cm33.h:2540:34:__NVIC_SystemReset	4	static,ignoring_inline_asm
core_cm33.h:2865:26:SysTick_Config	16	static
stm32l5xx_hal_cortex.c:159:6:HAL_NVIC_SetPriorityGrouping	16	static
stm32l5xx_hal_cortex.c:181:6:HAL_NVIC_SetPriority	32	static
stm32l5xx_hal_cortex.c:203:6:HAL_NVIC_EnableIRQ	16	static
stm32l5xx_hal_cortex.c:219:6:HAL_NVIC_DisableIRQ	16	static
stm32l5xx_hal_cortex.c:232:6:HAL_NVIC_SystemReset	8	static
stm32l5xx_hal_cortex.c:245:10:HAL_SYSTICK_Config	16	static
stm32l5xx_hal_cortex.c:273:10:HAL_NVIC_GetPriorityGrouping	8	static
stm32l5xx_hal_cortex.c:298:6:HAL_NVIC_GetPriority	24	static
stm32l5xx_hal_cortex.c:313:6:HAL_NVIC_SetPendingIRQ	16	static
stm32l5xx_hal_cortex.c:328:10:HAL_NVIC_GetPendingIRQ	16	static
stm32l5xx_hal_cortex.c:341:6:HAL_NVIC_ClearPendingIRQ	16	static
stm32l5xx_hal_cortex.c:355:10:HAL_NVIC_GetActive	16	static
stm32l5xx_hal_cortex.c:369:6:HAL_SYSTICK_CLKSourceConfig	16	static
stm32l5xx_hal_cortex.c:387:6:HAL_SYSTICK_IRQHandler	8	static
stm32l5xx_hal_cortex.c:396:13:HAL_SYSTICK_Callback	4	static
