stm32l5xx_ll_adc.h:2262:22:LL_ADC_SetCommonClock	16	static
stm32l5xx_ll_adc.h:2332:22:LL_ADC_SetCommonPathInternalCh	16	static
stm32l5xx_ll_adc.h:2425:26:LL_ADC_GetCommonPathInternalCh	16	static
stm32l5xx_ll_adc.h:2754:22:LL_ADC_SetOffset	24	static
stm32l5xx_ll_adc.h:2825:26:LL_ADC_GetOffsetChannel	16	static
stm32l5xx_ll_adc.h:2884:22:LL_ADC_SetOffsetState	24	static
stm32l5xx_ll_adc.h:2932:22:LL_ADC_SetSamplingTimeCommonConfig	16	static
stm32l5xx_ll_adc.h:3065:26:LL_ADC_REG_IsTriggerSourceSWStart	16	static
stm32l5xx_ll_adc.h:3359:22:LL_ADC_REG_SetSequencerRanks	24	static
stm32l5xx_ll_adc.h:3775:26:LL_ADC_INJ_IsTriggerSourceSWStart	16	static
stm32l5xx_ll_adc.h:4461:22:LL_ADC_SetChannelSamplingTime	24	static
stm32l5xx_ll_adc.h:4606:22:LL_ADC_SetChannelSingleDiff	24	static
stm32l5xx_ll_adc.h:4797:22:LL_ADC_SetAnalogWDMonitChannels	24	static
stm32l5xx_ll_adc.h:5041:22:LL_ADC_ConfigAnalogWDThresholds	24	static
stm32l5xx_ll_adc.h:5411:26:LL_ADC_GetMultimode	16	static
stm32l5xx_ll_adc.h:5508:26:LL_ADC_GetMultiDMATransfer	16	static
stm32l5xx_ll_adc.h:5625:22:LL_ADC_DisableDeepPowerDown	16	static
stm32l5xx_ll_adc.h:5639:26:LL_ADC_IsDeepPowerDownEnabled	16	static
stm32l5xx_ll_adc.h:5658:22:LL_ADC_EnableInternalRegulator	16	static
stm32l5xx_ll_adc.h:5688:26:LL_ADC_IsInternalRegulatorEnabled	16	static
stm32l5xx_ll_adc.h:5709:22:LL_ADC_Enable	16	static
stm32l5xx_ll_adc.h:5729:22:LL_ADC_Disable	16	static
stm32l5xx_ll_adc.h:5748:26:LL_ADC_IsEnabled	16	static
stm32l5xx_ll_adc.h:5759:26:LL_ADC_IsDisableOngoing	16	static
stm32l5xx_ll_adc.h:5834:22:LL_ADC_REG_StartConversion	16	static
stm32l5xx_ll_adc.h:5854:22:LL_ADC_REG_StopConversion	16	static
stm32l5xx_ll_adc.h:5870:26:LL_ADC_REG_IsConversionOngoing	16	static
stm32l5xx_ll_adc.h:6037:22:LL_ADC_INJ_StopConversion	16	static
stm32l5xx_ll_adc.h:6053:26:LL_ADC_INJ_IsConversionOngoing	16	static
stm32l5xx_ll_adc.h:6432:22:LL_ADC_ClearFlag_AWD1	16	static
stm32l5xx_ll_adc.h:6443:22:LL_ADC_ClearFlag_AWD2	16	static
stm32l5xx_ll_adc.h:6454:22:LL_ADC_ClearFlag_AWD3	16	static
stm32l5xx_ll_adc.h:6827:22:LL_ADC_EnableIT_AWD1	16	static
stm32l5xx_ll_adc.h:6838:22:LL_ADC_EnableIT_AWD2	16	static
stm32l5xx_ll_adc.h:6849:22:LL_ADC_EnableIT_AWD3	16	static
stm32l5xx_ll_adc.h:6948:22:LL_ADC_DisableIT_AWD1	16	static
stm32l5xx_ll_adc.h:6959:22:LL_ADC_DisableIT_AWD2	16	static
stm32l5xx_ll_adc.h:6970:22:LL_ADC_DisableIT_AWD3	16	static
stm32l5xx_hal_adc.c:402:19:HAL_ADC_Init	48	static
stm32l5xx_hal_adc.c:707:19:HAL_ADC_DeInit	32	static
stm32l5xx_hal_adc.c:909:13:HAL_ADC_MspInit	16	static
stm32l5xx_hal_adc.c:926:13:HAL_ADC_MspDeInit	16	static
stm32l5xx_hal_adc.c:1215:19:HAL_ADC_Start	32	static
stm32l5xx_hal_adc.c:1350:19:HAL_ADC_Stop	24	static
stm32l5xx_hal_adc.c:1404:19:HAL_ADC_PollForConversion	40	static
stm32l5xx_hal_adc.c:1583:19:HAL_ADC_PollForEvent	32	static
stm32l5xx_hal_adc.c:1728:19:HAL_ADC_Start_IT	32	static
stm32l5xx_hal_adc.c:1935:19:HAL_ADC_Stop_IT	24	static
stm32l5xx_hal_adc.c:1988:19:HAL_ADC_Start_DMA	32	static
stm32l5xx_hal_adc.c:2129:19:HAL_ADC_Stop_DMA	24	static
stm32l5xx_hal_adc.c:2214:10:HAL_ADC_GetValue	16	static
stm32l5xx_hal_adc.c:2231:6:HAL_ADC_IRQHandler	48	static
stm32l5xx_hal_adc.c:2601:13:HAL_ADC_ConvCpltCallback	16	static
stm32l5xx_hal_adc.c:2616:13:HAL_ADC_ConvHalfCpltCallback	16	static
stm32l5xx_hal_adc.c:2631:13:HAL_ADC_LevelOutOfWindowCallback	16	static
stm32l5xx_hal_adc.c:2653:13:HAL_ADC_ErrorCallback	16	static
stm32l5xx_hal_adc.c:2699:19:HAL_ADC_ConfigChannel	168	static,ignoring_inline_asm
stm32l5xx_hal_adc.c:2929:19:HAL_ADC_AnalogWDGConfig	56	static,ignoring_inline_asm
stm32l5xx_hal_adc.c:3181:10:HAL_ADC_GetState	16	static
stm32l5xx_hal_adc.c:3195:10:HAL_ADC_GetError	16	static
stm32l5xx_hal_adc.c:3225:19:ADC_ConversionStop	40	static
stm32l5xx_hal_adc.c:3355:19:ADC_Enable	24	static
stm32l5xx_hal_adc.c:3422:19:ADC_Disable	24	static
stm32l5xx_hal_adc.c:3480:6:ADC_DMAConvCplt	24	static
stm32l5xx_hal_adc.c:3558:6:ADC_DMAHalfConvCplt	24	static
stm32l5xx_hal_adc.c:3576:6:ADC_DMAError	24	static
