stm32l5xx_hal_rtc.c:254:19:HAL_RTC_Init	24	static
stm32l5xx_hal_rtc.c:364:19:HAL_RTC_DeInit	24	static
stm32l5xx_hal_rtc.c:757:13:HAL_RTC_MspInit	16	static
stm32l5xx_hal_rtc.c:772:13:HAL_RTC_MspDeInit	16	static
stm32l5xx_hal_rtc.c:810:19:HAL_RTC_SetTime	40	static
stm32l5xx_hal_rtc.c:920:19:HAL_RTC_GetTime	32	static
stm32l5xx_hal_rtc.c:965:19:HAL_RTC_SetDate	40	static
stm32l5xx_hal_rtc.c:1049:19:HAL_RTC_GetDate	32	static
stm32l5xx_hal_rtc.c:1104:19:HAL_RTC_SetAlarm	40	static
stm32l5xx_hal_rtc.c:1249:19:HAL_RTC_SetAlarm_IT	40	static
stm32l5xx_hal_rtc.c:1389:19:HAL_RTC_DeactivateAlarm	16	static
stm32l5xx_hal_rtc.c:1437:19:HAL_RTC_GetAlarm	32	static
stm32l5xx_hal_rtc.c:1541:6:HAL_RTC_AlarmIRQHandler	24	static
stm32l5xx_hal_rtc.c:1580:13:HAL_RTC_AlarmAEventCallback	16	static
stm32l5xx_hal_rtc.c:1596:19:HAL_RTC_PollForAlarmAEvent	24	static
stm32l5xx_hal_rtc.c:1654:19:HAL_RTC_WaitForSynchro	24	static
stm32l5xx_hal_rtc.c:1699:21:HAL_RTC_GetState	16	static
stm32l5xx_hal_rtc.c:1722:19:RTC_EnterInitMode	24	static
stm32l5xx_hal_rtc.c:1754:19:RTC_ExitInitMode	24	static
stm32l5xx_hal_rtc.c:1792:9:RTC_ByteToBcd2	24	static
stm32l5xx_hal_rtc.c:1811:9:RTC_Bcd2ToByte	24	static
